// Jest Snapshot v1, https://goo.gl/fbAQLP

exports[`<ContractEditor /> on initialization renders page correctly 1`] = `""`;
