// Jest Snapshot v1, https://goo.gl/fbAQLP

exports[`<ErrorLogger /> on initialization renders page correctly 1`] = `
<div>
  <styled.div>
    <styled.div
      errors={false}
    >
      No
       Errors
    </styled.div>
  </styled.div>
</div>
`;
