// Jest Snapshot v1, https://goo.gl/fbAQLP

exports[`<ContractEditor /> on initialization renders page correctly 1`] = `
<div>
  <ClauseEditor
    lockText={true}
    markdown=""
    onChange={[Function]}
    onParse={[Function]}
    template={Object {}}
  />
  <Message
    attached="bottom"
    positive={true}
  >
    <Icon
      as="i"
      name="check square"
    />
    Loaded 
  </Message>
</div>
`;
